
       ::  ██████╗         █████╗        ██╗   ██╗     ::
       ::  ██╔══██╗       ██╔══██╗       ██║   ██║     ::
       ::  ██████╔╝       ███████║       ██║   ██║     ::
       ::  ██╔══██╗       ██╔══██║       ██║   ██║     ::
       ::  ██████╔╝██╗    ██║  ██║██╗    ╚██████╔╝██╗  ::
       ::  ╚═════╝ ╚═╝    ╚═╝  ╚═╝╚═╝     ╚═════╝ ╚═╝  ::

       :: Starting up...

 DEBUG :: Sending GET to http://bau-wiremock:8080/empty/packages/subject/repo-name/package-name/versions/v1.2.3

  INFO :: Version not found: v1.2.3. Attempting to create it...
  INFO :: Version created.

 DEBUG :: Processing line: com.github.gh-user:artifact.name:-:pom:pom.xml
 DEBUG :: File name resolved as: /github/workspace/pom.xml

  INFO :: Uploading /github/workspace/pom.xml
 DEBUG ::  to
 DEBUG ::   http://bau-wiremock:8080/empty/content/subject/repo-name/com/github/gh-user/artifact.name/1.2.3/artifact.name-1.2.3.pom
 DEBUG ::  as artifact
 DEBUG ::   group: com.github.gh-user
 DEBUG ::   name: artifact.name
 DEBUG ::   version: 1.2.3
 DEBUG ::   classifier: -
 DEBUG ::   packaging: pom
  INFO :: Upload done.

 DEBUG :: Processing line: com.github.gh-user:artifact.name:-:jar:*-?.?.?.jar.content
 DEBUG :: File name resolved as: /github/workspace/dummy-1.2.3.jar.content

  INFO :: Uploading /github/workspace/dummy-1.2.3.jar.content
 DEBUG ::  to
 DEBUG ::   http://bau-wiremock:8080/empty/content/subject/repo-name/com/github/gh-user/artifact.name/1.2.3/artifact.name-1.2.3.jar
 DEBUG ::  as artifact
 DEBUG ::   group: com.github.gh-user
 DEBUG ::   name: artifact.name
 DEBUG ::   version: 1.2.3
 DEBUG ::   classifier: -
 DEBUG ::   packaging: jar
  INFO :: Upload done.

 DEBUG :: Processing line: com.github.gh-user:artifact.name:sources:jar:*sources.jar.content
 DEBUG :: File name resolved as: /github/workspace/dummy-1.2.3-sources.jar.content

  INFO :: Uploading /github/workspace/dummy-1.2.3-sources.jar.content
 DEBUG ::  to
 DEBUG ::   http://bau-wiremock:8080/empty/content/subject/repo-name/com/github/gh-user/artifact.name/1.2.3/artifact.name-1.2.3-sources.jar
 DEBUG ::  as artifact
 DEBUG ::   group: com.github.gh-user
 DEBUG ::   name: artifact.name
 DEBUG ::   version: 1.2.3
 DEBUG ::   classifier: sources
 DEBUG ::   packaging: jar
  INFO :: Upload done.

 DEBUG :: Processing line: com.github.gh-user:artifact.name:javadoc:jar:dummy-?.?.?-javadoc.jar.content
 DEBUG :: File name resolved as: /github/workspace/dummy-1.2.3-javadoc.jar.content

  INFO :: Uploading /github/workspace/dummy-1.2.3-javadoc.jar.content
 DEBUG ::  to
 DEBUG ::   http://bau-wiremock:8080/empty/content/subject/repo-name/com/github/gh-user/artifact.name/1.2.3/artifact.name-1.2.3-javadoc.jar
 DEBUG ::  as artifact
 DEBUG ::   group: com.github.gh-user
 DEBUG ::   name: artifact.name
 DEBUG ::   version: 1.2.3
 DEBUG ::   classifier: javadoc
 DEBUG ::   packaging: jar
  INFO :: Upload done.

 DEBUG :: Processing line: com.github.gh-user:artifact.name-pom-only:-:pom:pom.xml
 DEBUG :: File name resolved as: /github/workspace/pom.xml

  INFO :: Uploading /github/workspace/pom.xml
 DEBUG ::  to
 DEBUG ::   http://bau-wiremock:8080/empty/content/subject/repo-name/com/github/gh-user/artifact.name-pom-only/1.2.3/artifact.name-pom-only-1.2.3.pom
 DEBUG ::  as artifact
 DEBUG ::   group: com.github.gh-user
 DEBUG ::   name: artifact.name-pom-only
 DEBUG ::   version: 1.2.3
 DEBUG ::   classifier: -
 DEBUG ::   packaging: pom
  INFO :: Upload done.

 DEBUG :: Processing line: com.github.gh-user:artifact.name-alt:-:pom:pom.xml
 DEBUG :: File name resolved as: /github/workspace/pom.xml

  INFO :: Uploading /github/workspace/pom.xml
 DEBUG ::  to
 DEBUG ::   http://bau-wiremock:8080/empty/content/subject/repo-name/com/github/gh-user/artifact.name-alt/1.2.3/artifact.name-alt-1.2.3.pom
 DEBUG ::  as artifact
 DEBUG ::   group: com.github.gh-user
 DEBUG ::   name: artifact.name-alt
 DEBUG ::   version: 1.2.3
 DEBUG ::   classifier: -
 DEBUG ::   packaging: pom
  INFO :: Upload done.

 DEBUG :: Processing line: com.github.gh-user:artifact.name-alt:-:jar:dummy-1.2.3.jar.content
 DEBUG :: File name resolved as: /github/workspace/dummy-1.2.3.jar.content

  INFO :: Uploading /github/workspace/dummy-1.2.3.jar.content
 DEBUG ::  to
 DEBUG ::   http://bau-wiremock:8080/empty/content/subject/repo-name/com/github/gh-user/artifact.name-alt/1.2.3/artifact.name-alt-1.2.3.jar
 DEBUG ::  as artifact
 DEBUG ::   group: com.github.gh-user
 DEBUG ::   name: artifact.name-alt
 DEBUG ::   version: 1.2.3
 DEBUG ::   classifier: -
 DEBUG ::   packaging: jar
  INFO :: Upload done.

 DEBUG :: Processing line: com.github.gh-user:artifact.name-alt:sources:jar:*-1.2.3-sources.jar.content
 DEBUG :: File name resolved as: /github/workspace/dummy-1.2.3-sources.jar.content

  INFO :: Uploading /github/workspace/dummy-1.2.3-sources.jar.content
 DEBUG ::  to
 DEBUG ::   http://bau-wiremock:8080/empty/content/subject/repo-name/com/github/gh-user/artifact.name-alt/1.2.3/artifact.name-alt-1.2.3-sources.jar
 DEBUG ::  as artifact
 DEBUG ::   group: com.github.gh-user
 DEBUG ::   name: artifact.name-alt
 DEBUG ::   version: 1.2.3
 DEBUG ::   classifier: sources
 DEBUG ::   packaging: jar
  INFO :: Upload done.

 DEBUG :: Processing line: com.github.gh-user:artifact.name-alt:javadoc:jar:dummy-1.2.3-javadoc.jar.content
 DEBUG :: File name resolved as: /github/workspace/dummy-1.2.3-javadoc.jar.content

  INFO :: Uploading /github/workspace/dummy-1.2.3-javadoc.jar.content
 DEBUG ::  to
 DEBUG ::   http://bau-wiremock:8080/empty/content/subject/repo-name/com/github/gh-user/artifact.name-alt/1.2.3/artifact.name-alt-1.2.3-javadoc.jar
 DEBUG ::  as artifact
 DEBUG ::   group: com.github.gh-user
 DEBUG ::   name: artifact.name-alt
 DEBUG ::   version: 1.2.3
 DEBUG ::   classifier: javadoc
 DEBUG ::   packaging: jar
  INFO :: Upload done.


  WARN :: All done, you can check and publish your package at Bintray

  WARN :: Please find the list of uploaded files below:
  WARN :: 4.0K	/github/workspace/pom.xml
  WARN :: 4.0K	/github/workspace/dummy-1.2.3.jar.content
  WARN :: 4.0K	/github/workspace/dummy-1.2.3-sources.jar.content
  WARN :: 4.0K	/github/workspace/dummy-1.2.3-javadoc.jar.content
  WARN :: 4.0K	/github/workspace/pom.xml
  WARN :: 4.0K	/github/workspace/pom.xml
  WARN :: 4.0K	/github/workspace/dummy-1.2.3.jar.content
  WARN :: 4.0K	/github/workspace/dummy-1.2.3-sources.jar.content
  WARN :: 4.0K	/github/workspace/dummy-1.2.3-javadoc.jar.content


