
       ::  ██████╗         █████╗        ██╗   ██╗     ::
       ::  ██╔══██╗       ██╔══██╗       ██║   ██║     ::
       ::  ██████╔╝       ███████║       ██║   ██║     ::
       ::  ██╔══██╗       ██╔══██║       ██║   ██║     ::
       ::  ██████╔╝██╗    ██║  ██║██╗    ╚██████╔╝██╗  ::
       ::  ╚═════╝ ╚═╝    ╚═╝  ╚═╝╚═╝     ╚═════╝ ╚═╝  ::

       :: Starting up...

 ERROR :: INPUT_ARTIFACT_GROUP_ID is not set
