
       ::  ██████╗         █████╗        ██╗   ██╗     ::
       ::  ██╔══██╗       ██╔══██╗       ██║   ██║     ::
       ::  ██████╔╝       ███████║       ██║   ██║     ::
       ::  ██╔══██╗       ██╔══██║       ██║   ██║     ::
       ::  ██████╔╝██╗    ██║  ██║██╗    ╚██████╔╝██╗  ::
       ::  ╚═════╝ ╚═╝    ╚═╝  ╚═╝╚═╝     ╚═════╝ ╚═╝  ::

       :: Starting up...


  INFO :: Version not found: v1.2.3. Attempting to create it...
  INFO :: Version created.

  INFO :: Uploading /github/workspace/pom.xml
  INFO :: Upload done.

  INFO :: SKIP JAR: NULL

  INFO :: SKIP SOURCE JAR: NULL

  INFO :: SKIP JAVADOC JAR: NULL


  WARN :: All done, you can check and publish your package at Bintray


